<html>
<body>
<pre>
<h1>�Vision Build Log</h1>
<h2>Tool Versions:</h2>
IDE-Version: ��Vision V5.38.0.0
Copyright (C) 2022 ARM Ltd and ARM Germany GmbH. All rights reserved.
License Information: Ajie 2460912, HP Inc., LIC=PE7DL-0KM82-9UT4U-S620Z-MV3Y4-J01SG
 
Tool Versions:
Toolchain:       MDK-ARM Plus  Version: 5.38.0.0
Toolchain Path:  E:\Keil_v5\ARM\ARMCC\Bin
C Compiler:      Armcc.exe V5.06 update 7 (build 960)
Assembler:       Armasm.exe V5.06 update 7 (build 960)
Linker/Locator:  ArmLink.exe V5.06 update 7 (build 960)
Library Manager: ArmAr.exe V5.06 update 7 (build 960)
Hex Converter:   FromElf.exe V5.06 update 7 (build 960)
CPU DLL:         SARMCM3.DLL V5.38.0.0
Dialog DLL:      DCM.DLL V1.17.5.0
Target DLL:      CMSIS_AGDI.dll V1.33.15.0
Dialog DLL:      TCM.DLL V1.56.4.0
 
<h2>Project:</h2>
C:\Users\24609\Desktop\Intelligent _Medication _Dispensing\Intelligent _Medication\MDK-ARM\Intelligent _Medication.uvprojx
Project File Date:  07/08/2025

<h2>Output:</h2>
*** Using Compiler 'V5.06 update 7 (build 960)', folder: 'E:\Keil_v5\ARM\ARMCC\Bin'
Build target 'Intelligent _Medication'
compiling my_check_task.c...
..\APP\my_task\my_check_task.c(22): warning:  #177-D: variable "fail_flag"  was declared but never referenced
  			uint8_t fail_flag = 0,now_time; //漏服标志
..\APP\my_task\my_check_task.c(22): warning:  #177-D: variable "now_time"  was declared but never referenced
  			uint8_t fail_flag = 0,now_time; //漏服标志
..\APP\my_task\my_check_task.c: 2 warnings, 0 errors
linking...
Program Size: Code=221804 RO-data=273308 RW-data=1444 ZI-data=98460  
FromELF: creating hex file...
"Intelligent _Medication\Intelligent _Medication.axf" - 0 Error(s), 2 Warning(s).

<h2>Software Packages used:</h2>

Package Vendor: ARM
                http://www.keil.com/pack/ARM.CMSIS.5.9.0.pack
                ARM.CMSIS.5.9.0
                CMSIS (Common Microcontroller Software Interface Standard)
   * Component: CORE Version: 5.6.0

Package Vendor: Keil
                https://www.keil.com/pack/Keil.STM32F4xx_DFP.3.0.0.pack
                Keil.STM32F4xx_DFP.3.0.0
                STMicroelectronics STM32F4 Series Device Support

<h2>Collection of Component include folders:</h2>
  ./RTE/_Intelligent__Medication
  E:/Keil_v5/Packs/ARM/CMSIS/5.9.0/CMSIS/Core/Include

<h2>Collection of Component Files used:</h2>

   * Component: ARM::CMSIS:CORE:5.6.0
      Include file:  CMSIS/Core/Include/tz_context.h
Build Time Elapsed:  00:00:05
</pre>
</body>
</html>
